#-----------------------------------------------------------
# Vivado v2023.2.2 (64-bit)
# SW Build 4126759 on Thu Feb  8 23:53:51 MST 2024
# IP Build 4126054 on Fri Feb  9 11:39:09 MST 2024
# SharedData Build 4115275 on Tue Jan 30 00:40:57 MST 2024
# Start of session at: Thu Mar 21 09:21:37 2024
# Process ID: 15684
# Current directory: C:/Users/David/Desktop/OneDrive - Danmarks Tekniske Universitet/Skole ting/2 sem/DIGI 2/Digi-vending/Digi2-vending/vending_verilog/vending_verilog.runs/synth_1
# Command line: vivado.exe -log VendingMachine.vds -product Vivado -mode batch -messageDb vivado.pb -notrace -source VendingMachine.tcl
# Log file: C:/Users/David/Desktop/OneDrive - Danmarks Tekniske Universitet/Skole ting/2 sem/DIGI 2/Digi-vending/Digi2-vending/vending_verilog/vending_verilog.runs/synth_1/VendingMachine.vds
# Journal file: C:/Users/David/Desktop/OneDrive - Danmarks Tekniske Universitet/Skole ting/2 sem/DIGI 2/Digi-vending/Digi2-vending/vending_verilog/vending_verilog.runs/synth_1\vivado.jou
# Running On: Laptop1, OS: Windows, CPU Frequency: 2994 MHz, CPU Physical cores: 12, Host memory: 16505 MB
#-----------------------------------------------------------
source VendingMachine.tcl -notrace
